C51 COMPILER V9.00   AD5933                                                                07/20/2018 11:36:09 PAGE 1   


C51 COMPILER V9.00, COMPILATION OF MODULE AD5933
OBJECT MODULE PLACED IN .\Output\AD5933.obj
COMPILER INVOKED BY: C:\Keil_v5\C51\BIN\C51.EXE Drivers\AD5933.c LARGE OPTIMIZE(8,SPEED) BROWSE DEBUG OBJECTEXTEND PRINT
                    -(.\Listing\AD5933.lst) TABS(2) OBJECT(.\Output\AD5933.obj)

line level    source

   1          /*****************************************************************
   2          **                   大连理工大学 创新创业学院
   3          **                       物联网应用工坊
   4          **---------------------------------------------------------------
   5          ** 项目名称：   WTZP1.0-BlueBerry
   6          ** 日    期：   2018-07-08
   7          ** 作    者：   温武军
   8          **---------------------------------------------------------------
   9          ** 文 件 名：   AD5933.c
  10          ** 文件说明：   AD5933的驱动程序
  11          *****************************************************************/
  12          
  13          /*---------------------INCLUDES----------------------*/
  14          #include "AD5933.h"
  15          
  16          
  17          /*---------------------VARIABLES---------------------*/
  18          
  19          
  20          /*---------------------FUNCTIONS---------------------*/
  21          /***********************************************************************
  22          ** 函 数 名： AD5933WriteByte(uint8 Addr,uint8 dat)
  23          ** 函数说明： 往AD5933中的Addr中写dat
  24          **---------------------------------------------------------------------
  25          ** 输入参数： uint8 Addr,uint8 dat
  26          ** 返回参数： 无
  27          ***********************************************************************/
  28          void AD5933WriteByte(uint8 Addr,uint8 dat)
  29          { 
  30   1        
  31   1        Start();                                    //发送起始命令
  32   1        SendData(0x1A);                             //发送设备码加写命令
  33   1        RecvACK();
  34   1        SendData(Addr);                             //发送存储器地址
  35   1        RecvACK();
  36   1        SendData(dat);                             //写数据
  37   1        RecvACK();
  38   1        Stop();                                     //发送停止命令
  39   1      }
  40          /***********************************************************************
  41          ** 函 数 名： AD5933SetPointer(uint8 Addr)
  42          ** 函数说明： 设置地址指针
  43          **---------------------------------------------------------------------
  44          ** 输入参数： uint8 Addr
  45          ** 返回参数： 无
  46          ***********************************************************************/
  47          void AD5933SetPointer(uint8 Addr)
  48          {
  49   1        Start();                                    //发送起始命令
  50   1        SendData(0x1A);                             //发送设备码加写命令
  51   1        RecvACK();
  52   1        SendData(0xB0);                             //发送指针命令1101 0000
  53   1        RecvACK();
  54   1        SendData(Addr);                             //发送地址指针
C51 COMPILER V9.00   AD5933                                                                07/20/2018 11:36:09 PAGE 2   

  55   1        RecvACK();
  56   1        Stop();                                     //发送停止命令
  57   1      }
  58          /***********************************************************************
  59          ** 函 数 名： AD5933Read(uint8 Addr)
  60          ** 函数说明： 读取Addr中的数据
  61          **---------------------------------------------------------------------
  62          ** 输入参数： uint8 Addr
  63          ** 返回参数： uint8 dat
  64          ***********************************************************************/
  65          uint8 AD5933Read(uint8 Addr)
  66          {
  67   1        uint8 dat;
  68   1        AD5933SetPointer(Addr);
  69   1        Start();                                    //发送起始命令
  70   1        SendData(0x1B);                             //发送设备码加写命令
  71   1        RecvACK();
  72   1        dat = RecvData();                            //读取数据
  73   1        SendNAK();                                   //发送停止命令
  74   1        Stop();  
  75   1        return  dat;  
  76   1      }


MODULE INFORMATION:   STATIC OVERLAYABLE
   CODE SIZE        =    116    ----
   CONSTANT SIZE    =   ----    ----
   XDATA SIZE       =   ----       4
   PDATA SIZE       =   ----    ----
   DATA SIZE        =   ----    ----
   IDATA SIZE       =   ----    ----
   BIT SIZE         =   ----    ----
END OF MODULE INFORMATION.


C51 COMPILATION COMPLETE.  0 WARNING(S),  0 ERROR(S)
