C51 COMPILER V9.00   EEPROM                                                                08/23/2018 20:19:22 PAGE 1   


C51 COMPILER V9.00, COMPILATION OF MODULE EEPROM
OBJECT MODULE PLACED IN .\Output\EEPROM.obj
COMPILER INVOKED BY: C:\Keil_v5\C51\BIN\C51.EXE Drivers\EEPROM.c LARGE OPTIMIZE(8,SPEED) BROWSE DEBUG OBJECTEXTEND PRINT
                    -(.\Listing\EEPROM.lst) TABS(2) OBJECT(.\Output\EEPROM.obj)

line level    source

   1          /*****************************************************************
   2          **                   大连理工大学 创新创业学院
   3          **                       物联网应用工坊
   4          **---------------------------------------------------------------
   5          ** 项目名称：   WTZP1.0-BlueBerry
   6          ** 日    期：   2018-08-02
   7          ** 作    者：   温武军
   8          **---------------------------------------------------------------
   9          ** 文 件 名：   EEPROM.c
  10          ** 文件说明：   EEPROM读写功能
  11          *****************************************************************/
  12          /*---------------------INCLUDES----------------------*/
  13          #include "EEPROM.h"
  14          
  15          /*---------------------VARIABLES---------------------*/
  16          #define WT_30M          0x80
  17          #define WT_24M          0x81
  18          #define WT_20M          0x82
  19          #define WT_12M          0x83
  20          #define WT_6M           0x84
  21          #define WT_3M           0x85
  22          #define WT_2M           0x86
  23          #define WT_1M           0x87
  24          //测试工作频率为11.0592MHz
  25          
  26          /*---------------------FUNCTIONS---------------------*/
  27          /***********************************************************************
  28          ** 函 数 名： IapIdle()
  29          ** 函数说明： 结束对EEPROM的操作
  30          **---------------------------------------------------------------------
  31          ** 输入参数： 无
  32          ** 返回参数： 无
  33          ***********************************************************************/
  34          void IapIdle()
  35          {
  36   1          IAP_CONTR = 0;                              //关闭IAP功能
  37   1          IAP_CMD = 0;                                //清除命令寄存器
  38   1          IAP_TRIG = 0;                               //清除触发寄存器
  39   1          IAP_ADDRH = 0x80;                           //将地址设置到非IAP区域
  40   1          IAP_ADDRL = 0;
  41   1      }
  42          /***********************************************************************
  43          ** 函 数 名： IapRead()
  44          ** 函数说明： 读对应地址的EEPROM的值
  45          **---------------------------------------------------------------------
  46          ** 输入参数： int addr
  47          ** 返回参数： 无
  48          ***********************************************************************/
  49          char IapRead(int addr)
  50          {
  51   1          char dat;
  52   1      
  53   1          IAP_CONTR = WT_12M;                         //使能IAP
  54   1          IAP_CMD = 1;                                //设置IAP读命令
C51 COMPILER V9.00   EEPROM                                                                08/23/2018 20:19:22 PAGE 2   

  55   1          IAP_ADDRL = addr;                           //设置IAP低地址
  56   1          IAP_ADDRH = addr >> 8;                      //设置IAP高地址
  57   1          IAP_TRIG = 0x5a;                            //写触发命令(0x5a)
  58   1          IAP_TRIG = 0xa5;                            //写触发命令(0xa5)
  59   1          _nop_();
  60   1          dat = IAP_DATA;                             //读IAP数据
  61   1          IapIdle();                                  //关闭IAP功能
  62   1      
  63   1          return dat;
  64   1      }
  65          /***********************************************************************
  66          ** 函 数 名： IapProgram()
  67          ** 函数说明： 在对应地址写入某值
  68          **---------------------------------------------------------------------
  69          ** 输入参数： int addr, char dat
  70          ** 返回参数： 无
  71          ***********************************************************************/
  72          void IapProgram(int addr, char dat)
  73          {
  74   1          IAP_CONTR = WT_12M;                         //使能IAP
  75   1          IAP_CMD = 2;                                //设置IAP写命令
  76   1          IAP_ADDRL = addr;                           //设置IAP低地址
  77   1          IAP_ADDRH = addr >> 8;                      //设置IAP高地址
  78   1          IAP_DATA = dat;                             //写IAP数据
  79   1          IAP_TRIG = 0x5a;                            //写触发命令(0x5a)
  80   1          IAP_TRIG = 0xa5;                            //写触发命令(0xa5)
  81   1          _nop_();
  82   1          IapIdle();                                  //关闭IAP功能
  83   1      }
  84          /***********************************************************************
  85          ** 函 数 名： IapErase()
  86          ** 函数说明： 清除对应EEPROM地址的值
  87          **---------------------------------------------------------------------
  88          ** 输入参数： int addr
  89          ** 返回参数： 无
  90          ***********************************************************************/
  91          void IapErase(int addr)
  92          {
  93   1          IAP_CONTR = WT_12M;                         //使能IAP
  94   1          IAP_CMD = 3;                                //设置IAP擦除命令
  95   1          IAP_ADDRL = addr;                           //设置IAP低地址
  96   1          IAP_ADDRH = addr >> 8;                      //设置IAP高地址
  97   1          IAP_TRIG = 0x5a;                            //写触发命令(0x5a)
  98   1          IAP_TRIG = 0xa5;                            //写触发命令(0xa5)
  99   1          _nop_();                                    //
 100   1          IapIdle();                                  //关闭IAP功能
 101   1      }
 102          /***********************************************************************
 103          ** 函 数 名： EEPROMWrite()
 104          ** 函数说明： 写入值
 105          **---------------------------------------------------------------------
 106          ** 输入参数： int addr, char dat
 107          ** 返回参数： 无
 108          ***********************************************************************/
 109          void EEPROMWrite(int addr, char dat)
 110          {
 111   1          IapErase(addr);                  //addr=0xff
 112   1          IapProgram(addr,dat);            //addr=dat
 113   1      }


MODULE INFORMATION:   STATIC OVERLAYABLE
C51 COMPILER V9.00   EEPROM                                                                08/23/2018 20:19:22 PAGE 3   

   CODE SIZE        =     98    ----
   CONSTANT SIZE    =   ----    ----
   XDATA SIZE       =   ----    ----
   PDATA SIZE       =   ----    ----
   DATA SIZE        =   ----    ----
   IDATA SIZE       =   ----    ----
   BIT SIZE         =   ----    ----
END OF MODULE INFORMATION.


C51 COMPILATION COMPLETE.  0 WARNING(S),  0 ERROR(S)
