C51 COMPILER V9.00   INTERRUPT                                                             07/19/2018 22:35:43 PAGE 1   


C51 COMPILER V9.00, COMPILATION OF MODULE INTERRUPT
OBJECT MODULE PLACED IN .\Output\Interrupt.obj
COMPILER INVOKED BY: E:\Program Files\keil5\C51\BIN\C51.EXE Drivers\Interrupt.c OPTIMIZE(8,SPEED) BROWSE DEBUG OBJECTEXT
                    -END PRINT(.\Listing\Interrupt.lst) TABS(2) OBJECT(.\Output\Interrupt.obj)

line level    source

   1          /*****************************************************************
   2          **                   大连理工大学 创新创业学院
   3          **                       物联网应用工坊
   4          **---------------------------------------------------------------
   5          ** 项目名称：   WTZP1.0-BlueBerry
   6          ** 日    期：   2018-07-08
   7          ** 作    者：   温武军
   8          **---------------------------------------------------------------
   9          ** 文 件 名：   Interrupt.c
  10          ** 文件说明：   中断服务程序（目前未使用）
  11          *****************************************************************/
  12          
  13          /*---------------------INCLUDES----------------------*/
  14          #include "Interrupt.h"
  15          
  16          
  17          /*---------------------VARIABLES---------------------*/
  18          
  19          
  20          /*---------------------FUNCTIONS---------------------*/
  21          /***********************************************************************
  22          ** 函 数 名： KeyIsr()
  23          ** 函数说明： 中断服务程序,开关
  24          **---------------------------------------------------------------------
  25          ** 输入参数： 无
  26          ** 返回参数： 无
  27          ***********************************************************************/
  28          void KeyIsr()
  29          {
  30   1        IE2 = 0x01;//打开串口2接收中断
  31   1        EA = 1;//总中断打开
  32   1      }
  33          /***********************************************************************
  34          ** 函 数 名： Uart1Isr()
  35          ** 函数说明： 串口1中断服务程序
  36          **---------------------------------------------------------------------
  37          ** 输入参数： 无
  38          ** 返回参数： 无
  39          ***********************************************************************/
  40          /*
  41          void Uart1Isr() interrupt 4 using 1
  42          {
  43            if(TI)
  44            {
  45              TI=0;
  46            }
  47            if(RI)
  48            {
  49              RI=0;
  50            }
  51          } */
  52          /***********************************************************************
  53          ** 函 数 名： Uart2Isr()
  54          ** 函数说明： 串口2中断服务程序
C51 COMPILER V9.00   INTERRUPT                                                             07/19/2018 22:35:43 PAGE 2   

  55          **---------------------------------------------------------------------
  56          ** 输入参数： 无
  57          ** 返回参数： 无
  58          ***********************************************************************/
  59          /*void Uart2Isr() interrupt 8 using 1
  60          {
  61              if (S2CON & 0x02)
  62              {
  63                S2CON &= ~0x02;
  64                Urst2busy=0;
  65              }
  66              if (S2CON & 0x01)
  67              {
  68                S2CON &= ~0x01;
  69                Urst2Rec = S2BUF;
  70              }
  71              UartSend1_Byte(0,2);
  72          }*/


MODULE INFORMATION:   STATIC OVERLAYABLE
   CODE SIZE        =      6    ----
   CONSTANT SIZE    =   ----    ----
   XDATA SIZE       =   ----    ----
   PDATA SIZE       =   ----    ----
   DATA SIZE        =   ----    ----
   IDATA SIZE       =   ----    ----
   BIT SIZE         =   ----    ----
END OF MODULE INFORMATION.


C51 COMPILATION COMPLETE.  0 WARNING(S),  0 ERROR(S)
