C51 COMPILER V9.00   INTERRUPT                                                             08/23/2018 20:19:22 PAGE 1   


C51 COMPILER V9.00, COMPILATION OF MODULE INTERRUPT
OBJECT MODULE PLACED IN .\Output\Interrupt.obj
COMPILER INVOKED BY: C:\Keil_v5\C51\BIN\C51.EXE Drivers\Interrupt.c LARGE OPTIMIZE(8,SPEED) BROWSE DEBUG OBJECTEXTEND PR
                    -INT(.\Listing\Interrupt.lst) TABS(2) OBJECT(.\Output\Interrupt.obj)

line level    source

   1          /*****************************************************************
   2          **                   大连理工大学 创新创业学院
   3          **                       物联网应用工坊
   4          **---------------------------------------------------------------
   5          ** 项目名称：   WTZP1.0-BlueBerry
   6          ** 日    期：   2018-07-08
   7          ** 作    者：   温武军
   8          **---------------------------------------------------------------
   9          ** 文 件 名：   Interrupt.c
  10          ** 文件说明：   中断服务程序（目前未使用）
  11          *****************************************************************/
  12          
  13          /*---------------------INCLUDES----------------------*/
  14          #include "Interrupt.h"
  15          extern char xdata *JSONp;
  16          
  17          /*---------------------VARIABLES---------------------*/
  18          extern uint8 Urst2TI;
  19          extern uint8 Urst2Rec;
  20          extern uint8 Urst2RI;
  21          
  22          /*---------------------FUNCTIONS---------------------*/
  23          /***********************************************************************
  24          ** 函 数 名： KeyIsr()
  25          ** 函数说明： 中断服务程序,开关
  26          **---------------------------------------------------------------------
  27          ** 输入参数： 无
  28          ** 返回参数： 无
  29          ***********************************************************************/
  30          void InterruptKeyIsr()
  31          {
  32   1        IE2 = 0x09;//打开串口2,3接收中断
  33   1        EA = 1;//总中断打开
  34   1      }
  35          /***********************************************************************
  36          ** 函 数 名： Uart1Isr()
  37          ** 函数说明： 串口1中断服务程序
  38          **---------------------------------------------------------------------
  39          ** 输入参数： 无
  40          ** 返回参数： 无
  41          ***********************************************************************/
  42          /*
  43          void Uart1Isr() interrupt 4 using 1
  44          {
  45            if(TI)
  46            {
  47              TI=0;
  48            }
  49            if(RI)
  50            {
  51              RI=0;
  52            }
  53          } */
  54          /***********************************************************************
C51 COMPILER V9.00   INTERRUPT                                                             08/23/2018 20:19:22 PAGE 2   

  55          ** 函 数 名： Uart2Isr()
  56          ** 函数说明： 串口2中断服务程序
  57          **---------------------------------------------------------------------
  58          ** 输入参数： 无
  59          ** 返回参数： 无
  60          ***********************************************************************/
  61          void Uart2Isr() interrupt 8 using 1
  62          {
  63   1        if (S2CON & 0x02)
  64   1        {
  65   2          S2CON &= ~0x02;
  66   2          Urst2TI=0;
  67   2        }
  68   1        if (S2CON & 0x01)
  69   1        {
  70   2          S2CON &= ~0x01;
  71   2          Urst2RI=1;
  72   2          UartRec2(JSONp);
  73   2        }
  74   1      }
  75          /***********************************************************************
  76          ** 函 数 名： Uart3Isr()
  77          ** 函数说明： 串口2中断服务程序
  78          **---------------------------------------------------------------------
  79          ** 输入参数： 无
  80          ** 返回参数： 无
  81          ***********************************************************************/
  82          void Uart3Isr() interrupt 17
  83          {
  84   1        if (S3CON & 0x02)
  85   1        {
  86   2          S3CON &= ~0x02;
  87   2          Urst3TI=0;
  88   2        }
  89   1        if (S3CON & 0x01)
  90   1        {
  91   2          S3CON &= ~0x01;
  92   2          Urst3RI=1;
  93   2          Urst3Rec = S3BUF;
  94   2        }
  95   1      }


MODULE INFORMATION:   STATIC OVERLAYABLE
   CODE SIZE        =    118    ----
   CONSTANT SIZE    =   ----    ----
   XDATA SIZE       =   ----    ----
   PDATA SIZE       =   ----    ----
   DATA SIZE        =   ----    ----
   IDATA SIZE       =   ----    ----
   BIT SIZE         =   ----    ----
END OF MODULE INFORMATION.


C51 COMPILATION COMPLETE.  0 WARNING(S),  0 ERROR(S)
