C51 COMPILER V9.00   SYSTEM                                                                07/11/2018 20:29:15 PAGE 1   


C51 COMPILER V9.00, COMPILATION OF MODULE SYSTEM
OBJECT MODULE PLACED IN .\Output\System.obj
COMPILER INVOKED BY: C:\Keil_v5\C51\BIN\C51.EXE System\System.c OPTIMIZE(8,SPEED) BROWSE DEBUG OBJECTEXTEND PRINT(.\List
                    -ing\System.lst) TABS(2) OBJECT(.\Output\System.obj)

line level    source

   1          /*****************************************************************
   2          **                   大连理工大学 创新创业学院
   3          **                       物联网应用工坊
   4          **---------------------------------------------------------------
   5          ** 项目名称：   WTZP1.0-BlueBerry
   6          ** 日    期：   2018-07-07
   7          ** 作    者：   王老师
   8          **---------------------------------------------------------------
   9          ** 文 件 名：   System.c
  10          ** 文件说明：   系统功能
  11          *****************************************************************/
  12          
  13          /*---------------------INCLUDES----------------------*/
  14          #include ".\Drivers\Drivers.h"
  15          #include ".\Modules\Modules.h"
  16          #include ".\System\System.h"
  17          #include ".\Board\Board.h"
  18          
  19          /*---------------------VARIABLES---------------------*/
  20            float k;
  21          
  22          
  23          /*---------------------FUNCTIONS---------------------*/
  24          
  25          /***********************************************************************
  26          ** 函 数 名： InitSystem()
  27          ** 函数说明： 初始化系统
  28          **---------------------------------------------------------------------
  29          ** 输入参数： 无
  30          ** 返回参数： 无
  31          ***********************************************************************/
  32          void InitSystem(void)
  33          {
  34   1        InitI2C();
  35   1        InitUart1();
  36   1        InitLUX();
  37   1        Init_AD();
  38   1        InitPara();
  39   1        InitAD5933();
  40   1      }
  41          
  42          /***********************************************************************
  43          ** 函 数 名： StartSystem()
  44          ** 函数说明： 运行系统
  45          **---------------------------------------------------------------------
  46          ** 输入参数： 无
  47          ** 返回参数： 无
  48          ***********************************************************************/
  49          void StartSystem(void)
  50          {
  51   1        //存储变量区
  52   1        //int LiquidT
  53   1        TEST=1;
  54   1        //DS18B20Start();
C51 COMPILER V9.00   SYSTEM                                                                07/11/2018 20:29:15 PAGE 2   

  55   1        Read_AD5933_Temperature(); 
  56   1        //
  57   1          while(1)
  58   1          {
  59   2            delay1s();
  60   2            k=EC();
  61   2            TEST = !TEST;
  62   2            //LiquidT=DS18B20();
  63   2            //UartSend_Byte(LiquidT,2);
  64   2            //UartSend_Byte(Get_Lux(),4);
  65   2            //UartSend_Byte(ph(),2);
  66   2            UartSend_Byte(k,4);
  67   2          }
  68   1      
  69   1      }
  70          


MODULE INFORMATION:   STATIC OVERLAYABLE
   CODE SIZE        =     50    ----
   CONSTANT SIZE    =   ----    ----
   XDATA SIZE       =   ----    ----
   PDATA SIZE       =   ----    ----
   DATA SIZE        =      4    ----
   IDATA SIZE       =   ----    ----
   BIT SIZE         =   ----    ----
END OF MODULE INFORMATION.


C51 COMPILATION COMPLETE.  0 WARNING(S),  0 ERROR(S)
