C51 COMPILER V9.00   SYSTEM                                                                07/11/2018 14:15:24 PAGE 1   


C51 COMPILER V9.00, COMPILATION OF MODULE SYSTEM
OBJECT MODULE PLACED IN .\Output\System.obj
COMPILER INVOKED BY: E:\Program Files\keil5\C51\BIN\C51.EXE System\System.c OPTIMIZE(8,SPEED) BROWSE DEBUG OBJECTEXTEND 
                    -PRINT(.\Listing\System.lst) TABS(2) OBJECT(.\Output\System.obj)

line level    source

   1          /*****************************************************************
   2          **                   大连理工大学 创新创业学院
   3          **                       物联网应用工坊
   4          **---------------------------------------------------------------
   5          ** 项目名称：   WTZP1.0-BlueBerry
   6          ** 日    期：   2018-07-07
   7          ** 作    者：   王老师
   8          **---------------------------------------------------------------
   9          ** 文 件 名：   System.c
  10          ** 文件说明：   系统功能
  11          *****************************************************************/
  12          
  13          /*---------------------INCLUDES----------------------*/
  14          #include ".\Drivers\Drivers.h"
  15          #include ".\Modules\Modules.h"
  16          #include ".\System\System.h"
  17          
  18          /*---------------------VARIABLES---------------------*/
  19          
  20          
  21          
  22          /*---------------------FUNCTIONS---------------------*/
  23          
  24          /***********************************************************************
  25          ** 函 数 名： InitSystem()
  26          ** 函数说明： 初始化系统
  27          **---------------------------------------------------------------------
  28          ** 输入参数： 无
  29          ** 返回参数： 无
  30          ***********************************************************************/
  31          void InitSystem(void)
  32          {
  33   1        InitI2C();
  34   1        InitUart1();
  35   1        LUX_Init();
  36   1        Init_AD();
  37   1        InitPara();
  38   1      }
  39          
  40          /***********************************************************************
  41          ** 函 数 名： StartSystem()
  42          ** 函数说明： 运行系统
  43          **---------------------------------------------------------------------
  44          ** 输入参数： 无
  45          ** 返回参数： 无
  46          ***********************************************************************/
  47          void StartSystem(void)
  48          {
  49   1        //存储变量区
  50   1        /*int LiquidT*/;
  51   1        //
  52   1          DS18B20Start();
  53   1         
  54   1      
C51 COMPILER V9.00   SYSTEM                                                                07/11/2018 14:15:24 PAGE 2   

  55   1        //
  56   1          while(1)
  57   1          {
  58   2            DS18B20Start();
  59   2            //delay1s();
  60   2            delay1s();
  61   2            //LiquidT=DS18B20();
  62   2            //UartSend_Byte(LiquidT,2);
  63   2            //UartSend_Byte(Get_Lux(),4);
  64   2            UartSend_Byte(ph(),2);
  65   2          }
  66   1      
  67   1      }
  68          


MODULE INFORMATION:   STATIC OVERLAYABLE
   CODE SIZE        =     38    ----
   CONSTANT SIZE    =   ----    ----
   XDATA SIZE       =   ----    ----
   PDATA SIZE       =   ----    ----
   DATA SIZE        =   ----    ----
   IDATA SIZE       =   ----    ----
   BIT SIZE         =   ----    ----
END OF MODULE INFORMATION.


C51 COMPILATION COMPLETE.  0 WARNING(S),  0 ERROR(S)
