C51 COMPILER V9.00   URSTTEST                                                              07/08/2018 13:33:00 PAGE 1   


C51 COMPILER V9.00, COMPILATION OF MODULE URSTTEST
OBJECT MODULE PLACED IN .\Output\UrstTest.obj
COMPILER INVOKED BY: C:\Keil_v5\C51\BIN\C51.EXE Drivers\UrstTest.c OPTIMIZE(8,SPEED) BROWSE DEBUG OBJECTEXTEND PRINT(.\L
                    -isting\UrstTest.lst) TABS(2) OBJECT(.\Output\UrstTest.obj)

line level    source

   1          /*****************************************************************
   2          **                   大连理工大学 创新创业学院
   3          **                       物联网应用工坊
   4          **---------------------------------------------------------------
   5          ** 项目名称：   WTZP1.0-BlueBerry
   6          ** 日    期：   2018-07-08
   7          ** 作    者：   温武军
   8          **---------------------------------------------------------------
   9          ** 文 件 名：   UrstTest.c
  10          ** 文件说明：   串口异步通讯（目前只有串口1）
  11          *****************************************************************/
  12          
  13          /*---------------------INCLUDES----------------------*/
  14          #include "UrstTest.h"
  15          
  16          /*---------------------FUNCTIONS---------------------*/
  17          /***********************************************************************
  18          ** 函 数 名： UartIsr()
  19          ** 函数说明： 串口1中断服务程序
  20          **---------------------------------------------------------------------
  21          ** 输入参数： 无
  22          ** 返回参数： 无
  23          ***********************************************************************/
  24          /*
  25          void UartIsr() interrupt 4 using 1
  26          {
  27            if(TI)
  28            {
  29              TI=0;
  30            }
  31            if(RI)
  32            {
  33              RI=0;
  34            }
  35          } */
  36          /***********************************************************************
  37          ** 函 数 名： InitUart1()
  38          ** 函数说明： 串口1异步通信初始化程序
  39          **---------------------------------------------------------------------
  40          ** 输入参数： 无
  41          ** 返回参数： 无
  42          ***********************************************************************/
  43          void InitUart1()
  44          {
  45   1        SCON = 0x50; //(0101 0000) 工作方式为方式1,允许接收
  46   1        AUXR &= ~(1<<0); //0-选择定时器1, 1-选择定时器2 AUXR |= (1<<0);
  47   1        TMOD = (TMOD&0x0F)|0x00; //定时器1为模式0,16位自动重装
  48   1        AUXR |= (1<<6); //12分频设置
  49   1        TH1 = 0xFD;
  50   1        TL1 = 0x8F; //baud:9600 fosc=24M
  51   1        TR1=1;                                                                  
  52   1      }
  53          /***********************************************************************
  54          ** 函 数 名： UartSend(unsigned char dat)
C51 COMPILER V9.00   URSTTEST                                                              07/08/2018 13:33:00 PAGE 2   

  55          ** 函数说明： 单字节发送程序
  56          **---------------------------------------------------------------------
  57          ** 输入参数： uint8
  58          ** 返回参数： 无
  59          ***********************************************************************/
  60          //
  61          void UartSend(unsigned char dat)
  62          {
  63   1        SBUF=dat;
  64   1        while(!TI);
  65   1        TI=0;
  66   1      }
  67          /***********************************************************************
  68          ** 函 数 名： UartSend_Byte(unsigned long int dat,unsigned char n)
  69          ** 函数说明： 多字节发送程序//先送低8位再送高8位
  70          **---------------------------------------------------------------------
  71          ** 输入参数： uint32（发送数据），uint8（发送数据字节数）
  72          ** 返回参数： 无
  73          ***********************************************************************/
  74          void UartSend_Byte(unsigned long int dat,unsigned char n) 
  75          {
  76   1        unsigned char i,ch;
  77   1        for(i=0;i<n;i++)
  78   1        {
  79   2          ch=dat;
  80   2          UartSend(ch);
  81   2          dat=dat>>8;
  82   2        }
  83   1      }


MODULE INFORMATION:   STATIC OVERLAYABLE
   CODE SIZE        =     75    ----
   CONSTANT SIZE    =   ----    ----
   XDATA SIZE       =   ----    ----
   PDATA SIZE       =   ----    ----
   DATA SIZE        =   ----       5
   IDATA SIZE       =   ----    ----
   BIT SIZE         =   ----    ----
END OF MODULE INFORMATION.


C51 COMPILATION COMPLETE.  0 WARNING(S),  0 ERROR(S)
